STARTED
NOT NULL
NOT NULL
NOT NULL
NOT NULL
NOT NULL
NOT NULL
NOT NULL
NOT NULL
NOT NULL
NOT NULL
NOT NULL
NOT NULL
NOT NULL
NOT NULL
NOT NULL
NOT NULL
NOT NULL
NOT NULL
NOT NULL
NOT NULL
NOT NULL
NOT NULL
NOT NULL
NOT NULL
NOT NULL
NOT NULL
NOT NULL
NOT NULL
NOT NULL
NOT NULL
NOT NULL
NOT NULL
NOT NULL
NOT NULL
NOT NULL
NOT NULL
NOT NULL
NOT NULL
NOT NULL
NOT NULL
NOT NULL
NOT NULL
NOT NULL
NOT NULL
NOT NULL
NOT NULL
NOT NULL
NOT NULL
NOT NULL
NOT NULL
NOT NULL
NOT NULL
NOT NULL
NOT NULL
NOT NULL
NOT NULL
NOT NULL
NOT NULL
NOT NULL
NOT NULL
NOT NULL
NOT NULL
NOT NULL
NOT NULL
0: 0
1: 81920
2: 163840
3: 245760
4: 327680
5: 409600
6: 491520
7: 573440
8: 655360
9: 737280
10: 819200
11: 901120
12: 983040
13: 1064960
14: 1146880
15: 1228800
16: 1310720
17: 1392640
18: 1474560
19: 1556480
20: 1638400
21: 1720320
22: 1802240
23: 1884160
24: 1966080
25: 2048000
26: 2129920
27: 2211840
28: 2293760
29: 2375680
30: 2457600
31: 2539520
32: 2621440
33: 2703360
34: 2785280
35: 2867200
36: 2949120
37: 3031040
38: 3112960
39: 3194880
40: 3276800
41: 3358720
42: 3440640
43: 3522560
44: 3604480
45: 3686400
46: 3768320
47: 3850240
48: 3932160
49: 4014080
50: 4096000
51: 4177920
52: 4259840
53: 4341760
54: 4423680
55: 4505600
56: 4587520
57: 4669440
58: 4751360
59: 4833280
60: 4915200
61: 4997120
62: 5079040
63: 5160960
NULL
NOT NULL
ENDED