2 : 'PARAM.SFO'
1 : 'SYSDIR'
0 : 'SYSDIR'
Unknown path
80010002
80010002
80010002
80010002