7:'.':0:16:4607
6:'..':0:16:4607
5:'1.TXT':5:32:8703
4:'2.TXT':6:32:8703
3:'TEST.TXT':15:32:8703
2:'1':0:16:4607
1:'subfolder':0:16:4607
